src/__tests__/ContenidoDigitalService.test.ts(21,57): error TS2345: Argument of type '{ productoId: number; url: string; titulo: string; etiquetas: string[]; tipo: "imagen"; }' is not assignable to parameter of type 'Omit<ContenidoDigitalDTO, "id">'.
  Property 'fechaSubida' is missing in type '{ productoId: number; url: string; titulo: string; etiquetas: string[]; tipo: "imagen"; }' but required in type 'Omit<ContenidoDigitalDTO, "id">'.
src/__tests__/ContenidoDigitalService.test.ts(31,39): error TS2345: Argument of type '{ productoId: number; url: string; titulo: string; etiquetas: string[]; tipo: "imagen"; }' is not assignable to parameter of type 'Omit<ContenidoDigitalDTO, "id">'.
  Property 'fechaSubida' is missing in type '{ productoId: number; url: string; titulo: string; etiquetas: string[]; tipo: "imagen"; }' but required in type 'Omit<ContenidoDigitalDTO, "id">'.
src/__tests__/ContenidoDigitalService.test.ts(39,39): error TS2345: Argument of type '{ productoId: number; url: string; titulo: string; etiquetas: string[]; tipo: "imagen"; }' is not assignable to parameter of type 'Omit<ContenidoDigitalDTO, "id">'.
  Property 'fechaSubida' is missing in type '{ productoId: number; url: string; titulo: string; etiquetas: string[]; tipo: "imagen"; }' but required in type 'Omit<ContenidoDigitalDTO, "id">'.
src/__tests__/ContenidoDigitalService.test.ts(55,54): error TS2345: Argument of type '{ productoId: number; url: string; titulo: string; etiquetas: string[]; tipo: "imagen"; }' is not assignable to parameter of type 'Omit<ContenidoDigitalDTO, "id">'.
  Property 'fechaSubida' is missing in type '{ productoId: number; url: string; titulo: string; etiquetas: string[]; tipo: "imagen"; }' but required in type 'Omit<ContenidoDigitalDTO, "id">'.
src/__tests__/ContenidoDigitalService.test.ts(71,54): error TS2345: Argument of type '{ productoId: number; url: string; titulo: string; etiquetas: never[]; tipo: "imagen"; }' is not assignable to parameter of type 'Omit<ContenidoDigitalDTO, "id">'.
  Property 'fechaSubida' is missing in type '{ productoId: number; url: string; titulo: string; etiquetas: never[]; tipo: "imagen"; }' but required in type 'Omit<ContenidoDigitalDTO, "id">'.
src/__tests__/InventarioService.test.ts(2,10): error TS2305: Module '"../services/InventarioService"' has no exported member 'InventarioService'.
src/__tests__/RecetasService.test.ts(2,10): error TS2305: Module '"../services/RecetasService"' has no exported member 'RecetasService'.
src/__tests__/VentasService.test.ts(2,10): error TS2305: Module '"../services/VentasService"' has no exported member 'VentasService'.
